Test list_xccdf_recursive_bad_paramaters:
    Requires Section - for test list_xccdf_recursive_bad_paramaters:
    Required test = import_xccdf_benchmark

Test import_xccdf_benchmark:
    Tests Section - import_xccdf_benchmark
        Command import Results:
        
        	Command Completed Successfully: True

    Tests Section Completed Successfully: True

Test import_xccdf_benchmark Completed Successfully: True
    Tests Section - list_xccdf_recursive_bad_paramaters
        Command list Results:
            Expected STDERR :
            ['    ']
            Actual STDERR :
            ['    Usage: secstate list [options] <string>', '    ', '    secstate: error: no such option: -q', '    ']
            
        
        	Command Completed Successfully: False

    Tests Section Completed Successfully: False

Test list_xccdf_recursive_bad_paramaters Completed Successfully: False


Successfull tests : 0
Failed tests      : 1
