PassComp-R-2-2:
	Title:  'Min. Length'
	Description:  Password has a minimum length.
	Selected:  True
