usage: secstate select [options] <ContentID> [GroupID|RuleID|ProfileID]

secstate: error: no such option: -j
