No such file: 'password-reqs'
Error importing content: password-reqs
