usage: secstate list [options] [ContentID] [groupid|ruleid|profileid]

secstate: error: no such option: -q
