--Results for 'password-req' (Profile: '__tmp__')--
Passed:         1
Mitigated:      0
Failed:         10
Fixed:          0
Not Selected:   0
Not Checked:    0
Not Applicable: 0
Error:          0
Informational:  0
Unknown:        0
Parse Error:    0
Total:          11

--Results for 'PassComp' (Profile: '__tmp__')--
Passed:         0
Mitigated:      0
Failed:         5
Fixed:          0
Not Selected:   0
Not Checked:    0
Not Applicable: 0
Error:          0
Informational:  0
Unknown:        0
Parse Error:    0
Total:          5

Generating HTML output...
