Benchmark - ID: PassComp, Title: 'Password Complexity', Profile: None
