Benchmark - ID: PassComp, Title: 'Password Complexity', Profile: None
	profile - id: emptyprofile, title: 'an empty profile'
	profile - id: none, title: 'none'
	Group - ID: PassComp-G-2-2, Title: 'Password'
		Group - ID: PassComp-G-2-3, Title: 'Password Complexity'
			Rule - ID: PassComp-R-2-1, Title: 'Lowercase'
			Rule - ID: PassComp-R-2-2, Title: 'Min. Length'
			Rule - ID: PassComp-R-2-3, Title: 'Numeric'
			Rule - ID: PassComp-R-2-4, Title: 'Special'
			Rule - ID: PassComp-R-2-5, Title: 'Uppercase'
