--Results for 'password-req' (Profile: 'Custom')--
Passed:         0
Mitigated:      0
Failed:         0
Fixed:          0
Not Selected:   9
Not Checked:    0
Not Applicable: 0
Error:          0
Informational:  0
Unknown:        0
Parse Error:    0
Total:          9

--Results for 'strict-password-req' (Profile: 'Custom')--
Passed:         9
Mitigated:      0
Failed:         0
Fixed:          0
Not Selected:   0
Not Checked:    0
Not Applicable: 0
Error:          0
Informational:  0
Unknown:        0
Parse Error:    0
Total:          9

Generating HTML output...
