-- Remediating password-req --
No remediation to be done.
-- Remediating strict-password-req --
