[X]Benchmark - ID: PassComp, Title: 'Password Complexity', Profile: 'passgroup-deselected'
	[ ]profile - id: minlen-deselected, title: 'minimum length rule deselected'
	[x]profile - id: passgroup-deselected, title: 'password group deselected'
	[ ]profile - id: minlen-long, title: 'long minimum length'
	[ ]profile - id: minlen-short, title: 'short minimum length'
	[ ]profile - id: minlen-set, title: 'custom minimum length'
	[ ]profile - id: none, title: 'none'
	[ ]Group - ID: PassComp-G-2-2, Title: 'Password'
		[X]Group - ID: PassComp-G-2-3, Title: 'Password Complexity'
			[X]Rule - ID: PassComp-R-2-1, Title: 'Lowercase'
			[X]Rule - ID: PassComp-R-2-2, Title: 'Min. Length'
			[X]Rule - ID: PassComp-R-2-3, Title: 'Numeric'
			[X]Rule - ID: PassComp-R-2-4, Title: 'Special'
			[X]Rule - ID: PassComp-R-2-5, Title: 'Uppercase'
