-- Remediating grub-conf --
Running bash remediation script: /root/group_owner_grub_conf.sh
