No such file: 'PassComps'
Error importing content: PassComps
