/root/empty.results.xml:1: parser error : Extra content at the end of the document

^
Not a valid xccdf result file: /root/empty.results.xml
