Benchmark - ID: password-req, Title: 'Linux Password Requirements XCCDF', Profile: None
Benchmark - ID: PassComp, Title: 'Password Complexity', Profile: None
