[ ]profile - id: profile-test, title: 'profile test'
