[X]Benchmark - ID: PassComp, Title: 'Password Complexity', Profile: 'Custom'
	[ ]Profile - ID: emptyProfile, Title: 'An empty profile'
	[ ]Profile - ID: None, Title: 'None'
	[X]Profile - ID: Custom, Title: 'Customized profile from secstate'
	[X]Group - ID: PassComp-G-2-2, Title: 'Password'
		[X]Group - ID: PassComp-G-2-3, Title: 'Password Complexity'
			[X]Rule - ID: PassComp-R-2-1, Title: 'Lowercase'
			[X]Rule - ID: PassComp-R-2-2, Title: 'Min. Length'
			[X]Rule - ID: PassComp-R-2-3, Title: 'Numeric'
			[X]Rule - ID: PassComp-R-2-4, Title: 'Special'
			[ ]Rule - ID: PassComp-R-2-5, Title: 'Uppercase'
