/root/empty.xml:1: parser error : Extra content at the end of the document

^
/root/empty.xml:1: parser error : Extra content at the end of the document

^
/root/empty.xml:1: parser error : Extra content at the end of the document

^
File /root/empty.xml is neither OVAL nor XCCDF.
