Benchmark - ID: password-req, Title: 'Linux Password Requirements XCCDF', Profile: None
	profile - id: profile-test, title: 'profile test'
	profile - id: none, title: 'none'
	Group - ID: pass-reqs, Title: 'Linux Password Requirement Rules'
		Rule - ID: password-change-time, Title: 'GEN0000540 - Password Change Time'
		Rule - ID: passwd-accts-password, Title: 'GEN0000560 - Passwd Accounts Have Passwords'
		Rule - ID: pass-min-length, Title: 'GEN0000580 - Password Minimum Length'
		Rule - ID: pam-pass-min-length, Title: 'GEN0000580 - (PAM) Password Minimum Length'
		Rule - ID: pass-min-alpha-upper, Title: 'GEN0000600 - (PAM) Password Minimum Uppercase Characters'
		Rule - ID: pass-min-num, Title: 'GEN0000620 - (PAM) Password Minimum Numerics'
		Rule - ID: pass-min-special, Title: 'GEN0000640 - (PAM) Password Minimum Special Characters'
		Rule - ID: pass-no-repeat, Title: 'GEN0000680 - (PAM) Passwords Cannot Repeat Characters'
		Rule - ID: login-defs-pass-max-age, Title: 'GEN0000700-720 - (Login.defs) Passwords Are Changed Every N Days'
		Rule - ID: pass-max-age, Title: 'GEN0000700-720 - Passwords Are Changed Every N Days'
		Rule - ID: pass-min-reuse, Title: 'GEN0000800 - (PAM) Passwords Cannot Be Reused Within N Days'
Benchmark - ID: PassComp, Title: 'Password Complexity', Profile: None
	profile - id: emptyprofile, title: 'an empty profile'
	profile - id: none, title: 'none'
	Group - ID: PassComp-G-2-2, Title: 'Password'
		Group - ID: PassComp-G-2-3, Title: 'Password Complexity'
			Rule - ID: PassComp-R-2-1, Title: 'Lowercase'
			Rule - ID: PassComp-R-2-2, Title: 'Min. Length'
			Rule - ID: PassComp-R-2-3, Title: 'Numeric'
			Rule - ID: PassComp-R-2-4, Title: 'Special'
			Rule - ID: PassComp-R-2-5, Title: 'Uppercase'
