PassComp:
	Title:  'Password Complexity'
	Selected:  True
	Profiles:
		[ ]emptyProfile - 'An empty profile'
		[X]None - 'None'
