-- remediating password-req --
running bash remediation script: /root/passreqs.sh
running bash remediation script: /root/passreqs.sh
running bash remediation script: /root/passreqs.sh
running bash remediation script: /root/passreqs.sh
running bash remediation script: /root/passreqs.sh
running bash remediation script: /root/passreqs.sh
running bash remediation script: /root/passreqs.sh
running bash remediation script: /root/passreqs.sh
running bash remediation script: /root/passreqs.sh
